// Jest Snapshot v1, https://goo.gl/fbAQLP

exports[`Tests Snapshot 1`] = `
"[36m<body>[39m
  [36m<div>[39m
    [36m<div[39m
      [33mclass[39m=[32m\\"sc-fzokOt hImtkV\\"[39m
    [36m>[39m
      [36m<div[39m
        [33mclass[39m=[32m\\"sc-AxhUy osugS\\"[39m
      [36m>[39m
        [36m<div[39m
          [33mclass[39m=[32m\\"sc-AxgMl jWfLhC\\"[39m
        [36m>[39m
          [36m<b[39m
            [33mclass[39m=[32m\\"sc-fzozJi hEeWyB\\"[39m
          [36m>[39m
            [0mMySocial[0m
          [36m</b>[39m
        [36m</div>[39m
        [36m<span[39m
          [33mclass[39m=[32m\\"sc-Axmtr bIXLFR\\"[39m
        [36m>[39m
          [36m<input[39m
            [33mclass[39m=[32m\\"sc-AxheI couGmT\\"[39m
            [33mdata-testid[39m=[32m\\"searchBar\\"[39m
            [33mplaceholder[39m=[32m\\"Search\\"[39m
          [36m/>[39m
        [36m</span>[39m
      [36m</div>[39m
      [36m<div[39m
        [33mclass[39m=[32m\\"sc-fznZeY fJzJg\\"[39m
        [33mdata-testid[39m=[32m\\"userContainer\\"[39m
      [36m>[39m
        [36m<div[39m
          [33mclass[39m=[32m\\"sc-AxjAm gSZlCL\\"[39m
          [33mdata-testid[39m=[32m\\"userCard\\"[39m
        [36m>[39m
          [36m<span[39m
            [33mclass[39m=[32m\\"sc-AxiKw dqRfqT\\"[39m
            [33mid[39m=[32m\\"imgContainer\\"[39m
          [36m>[39m
            [36m<img[39m
              [33malt[39m=[32m\\"avatar loading...\\"[39m
            [36m/>[39m
          [36m</span>[39m
          [36m<span[39m
            [33mclass[39m=[32m\\"sc-AxhCb jRGgxR\\"[39m
          [36m>[39m
            [36m<span[39m
              [33mclass[39m=[32m\\"sc-AxirZ KGJfC\\"[39m
              [33mdata-testid[39m=[32m\\"Cecilia Phillips\\"[39m
            [36m>[39m
              [0mName: Cecilia Phillips[0m
            [36m</span>[39m
            [36m<span[39m
              [33mclass[39m=[32m\\"sc-AxirZ KGJfC\\"[39m
            [36m>[39m
              [0mAge: undefined[0m
            [36m</span>[39m
            [36m<span[39m
              [33mclass[39m=[32m\\"sc-AxirZ KGJfC\\"[39m
            [36m>[39m
              [0mEye color: undefined[0m
            [36m</span>[39m
            [36m<span[39m
              [33mclass[39m=[32m\\"sc-AxirZ KGJfC\\"[39m
            [36m>[39m
              [0mCompany: undefined[0m
            [36m</span>[39m
            [36m<span[39m
              [33mclass[39m=[32m\\"sc-AxirZ KGJfC\\"[39m
            [36m>[39m
              [0mEmail: undefined[0m
            [36m</span>[39m
          [36m</span>[39m
        [36m</div>[39m
        [36m<div[39m
          [33mclass[39m=[32m\\"sc-AxjAm gSZlCL\\"[39m
          [33mdata-testid[39m=[32m\\"userCard\\"[39m
        [36m>[39m
          [36m<span[39m
            [33mclass[39m=[32m\\"sc-AxiKw dqRfqT\\"[39m
            [33mid[39m=[32m\\"imgContainer\\"[39m
          [36m>[39m
            [36m<img[39m
              [33malt[39m=[32m\\"avatar loading...\\"[39m
            [36m/>[39m
          [36m</span>[39m
          [36m<span[39m
            [33mclass[39m=[32m\\"sc-AxhCb jRGgxR\\"[39m
          [36m>[39m
            [36m<span[39m
              [33mclass[39m=[32m\\"sc-AxirZ KGJfC\\"[39m
              [33mdata-testid[39m=[32m\\"CeasdPhillips\\"[39m
            [36m>[39m
              [0mName: CeasdPhillips[0m
            [36m</span>[39m
            [36m<span[39m
              [33mclass[39m=[32m\\"sc-AxirZ KGJfC\\"[39m
            [36m>[39m
              [0mAge: undefined[0m
            [36m</span>[39m
            [36m<span[39m
              [33mclass[39m=[32m\\"sc-AxirZ KGJfC\\"[39m
            [36m>[39m
              [0mEye color: undefined[0m
            [36m</span>[39m
            [36m<span[39m
              [33mclass[39m=[32m\\"sc-AxirZ KGJfC\\"[39m
            [36m>[39m
              [0mCompany: undefined[0m
            [36m</span>[39m
            [36m<span[39m
              [33mclass[39m=[32m\\"sc-AxirZ KGJfC\\"[39m
            [36m>[39m
              [0mEmail: undefined[0m
            [36m</span>[39m
          [36m</span>[39m
        [36m</div>[39m
        [36m<div[39m
          [33mclass[39m=[32m\\"sc-AxjAm gSZlCL\\"[39m
          [33mdata-testid[39m=[32m\\"userCard\\"[39m
        [36m>[39m
          [36m<span[39m
            [33mclass[39m=[32m\\"sc-AxiKw dqRfqT\\"[39m
            [33mid[39m=[32m\\"imgContainer\\"[39m
          [36m>[39m
            [36m<img[39m
              [33malt[39m=[32m\\"avatar loading...\\"[39m
            [36m/>[39m
          [36m</span>[39m
          [36m<span[39m
            [33mclass[39m=[32m\\"sc-AxhCb jRGgxR\\"[39m
          [36m>[39m
            [36m<span[39m
              [33mclass[39m=[32m\\"sc-AxirZ KGJfC\\"[39m
              [33mdata-testid[39m=[32m\\"Cec ps\\"[39m
            [36m>[39m
              [0mName: Cec ps[0m
            [36m</span>[39m
            [36m<span[39m
              [33mclass[39m=[32m\\"sc-AxirZ KGJfC\\"[39m
            [36m>[39m
              [0mAge: undefined[0m
            [36m</span>[39m
            [36m<span[39m
              [33mclass[39m=[32m\\"sc-AxirZ KGJfC\\"[39m
            [36m>[39m
              [0mEye color: undefined[0m
            [36m</span>[39m
            [36m<span[39m
              [33mclass[39m=[32m\\"sc-AxirZ KGJfC\\"[39m
            [36m>[39m
              [0mCompany: undefined[0m
            [36m</span>[39m
            [36m<span[39m
              [33mclass[39m=[32m\\"sc-AxirZ KGJfC\\"[39m
            [36m>[39m
              [0mEmail: undefined[0m
            [36m</span>[39m
          [36m</span>[39m
        [36m</div>[39m
      [36m</div>[39m
    [36m</div>[39m
  [36m</div>[39m
[36m</body>[39m"
`;
